[coroawareness.netlify.app/index.html]
[backblue.gif]
[fade.gif]
[index.html]
[coroawareness.netlify.app/fonts/icomoon/style.css]
[coroawareness.netlify.app/css/bootstrap.min.css]
[coroawareness.netlify.app/fonts/flaticon/font/flaticon.2.delayed]
[coroawareness.netlify.app/fonts/flaticon-covid/font/flaticon.css]
[coroawareness.netlify.app/css/style.css]
[coroawareness.netlify.app/index-2.html]
[coroawareness.netlify.app/symptoms.html]
[coroawareness.netlify.app/about.html]
[coroawareness.netlify.app/contact.html]
[coroawareness.netlify.app/images/illustration.png]
[coroawareness.netlify.app/images/hero_1.jpg]
[coroawareness.netlify.app/images/protect.png]
[coroawareness.netlify.app/images/symptom_high-fever.png]
[coroawareness.netlify.app/images/symptom_cough.png]
[coroawareness.netlify.app/images/symptom_sore-troath.png]
[coroawareness.netlify.app/images/symptom_headache.png]
[coroawareness.netlify.app/js/jquery-3.3.1.min.js]
[coroawareness.netlify.app/js/bootstrap.min.js]
[coroawareness.netlify.app/js/aos.js]
[coroawareness.netlify.app/index.html]
[coroawareness.netlify.app/js/main.js]
[coroawareness.netlify.app/fonts/icomoon/fonts/icomoon1a44.eot]
[coroawareness.netlify.app/fonts/icomoon/fonts/icomoon1a44.ttf]
[coroawareness.netlify.app/fonts/icomoon/fonts/icomoon1a44.woff]
[coroawareness.netlify.app/fonts/icomoon/style.css]
[coroawareness.netlify.app/css/bootstrap.min.css]
[coroawareness.netlify.app/fonts/flaticon/font/flaticon.html]
[coroawareness.netlify.app/fonts/icomoon/fonts/icomoon1a44.svg]
[coroawareness.netlify.app/fonts/flaticon-covid/font/Flaticon.eot]
[coroawareness.netlify.app/fonts/flaticon-covid/font/Flaticond41d.eot]
[coroawareness.netlify.app/fonts/flaticon-covid/font/Flaticon.woff2]
[coroawareness.netlify.app/fonts/flaticon-covid/font/Flaticon.woff]
[coroawareness.netlify.app/fonts/flaticon-covid/font/Flaticon.ttf]
[coroawareness.netlify.app/fonts/flaticon-covid/font/flaticon.css]
[coroawareness.netlify.app/css/style.css]
[coroawareness.netlify.app/index-2.html]
[coroawareness.netlify.app/fonts/flaticon-covid/font/Flaticon.svg]
[coroawareness.netlify.app/images/symptoms.png]
[coroawareness.netlify.app/symptoms.html]
[coroawareness.netlify.app/about.html]
[coroawareness.netlify.app/js/contactValidation.js]
[coroawareness.netlify.app/contact.html]
[coroawareness.netlify.app/fonts/icomoon/fonts/icomoon1a44.svg]
[coroawareness.netlify.app/fonts/flaticon-covid/font/Flaticon.svg]
